type single_port
group 1
height 51
width 78
map
TTTTTTTTTTTTTTTTTTTTTTTTTTTTTTTTTTTTTTTTTTTTTTTTTTTTTTTTTTTTTTTTTTTTTTTTTTTTTT
T............................................................................T
T...........HHHHHHHHHH.HHHHHHHHHH.HHHHHHHHHH.HHHHHHHHHH.HHHHHHHHHH...........T
T...........HHHHHHHHHH.HHHHHHHHHH.HHHHHHHHHH.HHHHHHHHHH.HHHHHHHHHH...........T
T............................................................................T
T...........HHHHHHHHHH.HHHHHHHHHH.HHHHHHHHHH.HHHHHHHHHH.HHHHHHHHHH...........T
T...........HHHHHHHHHH.HHHHHHHHHH.HHHHHHHHHH.HHHHHHHHHH.HHHHHHHHHH...........T
T............................................................................T
T...........HHHHHHHHHH.HHHHHHHHHH.HHHHHHHHHH.HHHHHHHHHH.HHHHHHHHHH...........T
T...........HHHHHHHHHH.HHHHHHHHHH.HHHHHHHHHH.HHHHHHHHHH.HHHHHHHHHH...........T
T............................................................................T
T...........HHHHHHHHHH.HHHHHHHHHH.HHHHHHHHHH.HHHHHHHHHH.HHHHHHHHHH...........T
T...........HHHHHHHHHH.HHHHHHHHHH.HHHHHHHHHH.HHHHHHHHHH.HHHHHHHHHH...........T
T............................................................................T
T...CC.CC...HHHHHHHHHH.HHHHHHHHHH.HHHHHHHHHH.HHHHHHHHHH.HHHHHHHHHH...........T
T...CC.CC...HHHHHHHHHH.HHHHHHHHHH.HHHHHHHHHH.HHHHHHHHHH.HHHHHHHHHH...........T
T...CC.CC....................................................................T
T...CC.CC...HHHHHHHHHH.HHHHHHHHHH.HHHHHHHHHH.HHHHHHHHHH.HHHHHHHHHH...........T
T...CC.CC...HHHHHHHHHH.HHHHHHHHHH.HHHHHHHHHH.HHHHHHHHHH.HHHHHHHHHH...........T
T............................................................................T
T...CC.CC...HHHHHHHHHH.HHHHHHHHHH.HHHHHHHHHH.HHHHHHHHHH.HHHHHHHHHH...........T
T...CC.CC...HHHHHHHHHH.HHHHHHHHHH.HHHHHHHHHH.HHHHHHHHHH.HHHHHHHHHH...........T
T...CC.CC....................................................................T
T...CC.CC...HHHHHHHHHH.HHHHHHHHHH.HHHHHHHHHH.HHHHHHHHHH.HHHHHHHHHH...........T
T...CC.CC...HHHHHHHHHH.HHHHHHHHHH.HHHHHHHHHH.HHHHHHHHHH.HHHHHHHHHH...........T
TU...........................................................................T
T...CC.CC...HHHHHHHHHH.HHHHHHHHHH.HHHHHHHHHH.HHHHHHHHHH.HHHHHHHHHH...........T
T...CC.CC...HHHHHHHHHH.HHHHHHHHHH.HHHHHHHHHH.HHHHHHHHHH.HHHHHHHHHH...........T
T...CC.CC....................................................................T
T...CC.CC...HHHHHHHHHH.HHHHHHHHHH.HHHHHHHHHH.HHHHHHHHHH.HHHHHHHHHH...........T
T...CC.CC...HHHHHHHHHH.HHHHHHHHHH.HHHHHHHHHH.HHHHHHHHHH.HHHHHHHHHH...........T
T............................................................................T
T...CC.CC...HHHHHHHHHH.HHHHHHHHHH.HHHHHHHHHH.HHHHHHHHHH.HHHHHHHHHH...........T
T...CC.CC...HHHHHHHHHH.HHHHHHHHHH.HHHHHHHHHH.HHHHHHHHHH.HHHHHHHHHH...........T
T...CC.CC....................................................................T
T...CC.CC...HHHHHHHHHH.HHHHHHHHHH.HHHHHHHHHH.HHHHHHHHHH.HHHHHHHHHH...........T
T...CC.CC...HHHHHHHHHH.HHHHHHHHHH.HHHHHHHHHH.HHHHHHHHHH.HHHHHHHHHH...........T
T............................................................................T
T...........HHHHHHHHHH.HHHHHHHHHH.HHHHHHHHHH.HHHHHHHHHH.HHHHHHHHHH...........T
T...........HHHHHHHHHH.HHHHHHHHHH.HHHHHHHHHH.HHHHHHHHHH.HHHHHHHHHH...........T
T............................................................................T
T...........HHHHHHHHHH.HHHHHHHHHH.HHHHHHHHHH.HHHHHHHHHH.HHHHHHHHHH...........T
T...........HHHHHHHHHH.HHHHHHHHHH.HHHHHHHHHH.HHHHHHHHHH.HHHHHHHHHH...........T
T............................................................................T
T...........HHHHHHHHHH.HHHHHHHHHH.HHHHHHHHHH.HHHHHHHHHH.HHHHHHHHHH...........T
T...........HHHHHHHHHH.HHHHHHHHHH.HHHHHHHHHH.HHHHHHHHHH.HHHHHHHHHH...........T
T............................................................................T
T...........HHHHHHHHHH.HHHHHHHHHH.HHHHHHHHHH.HHHHHHHHHH.HHHHHHHHHH...........T
T...........HHHHHHHHHH.HHHHHHHHHH.HHHHHHHHHH.HHHHHHHHHH.HHHHHHHHHH...........T
T............................................................................T
TTTTTTTTTTTTTTTTTTTTTTTTTTTTTTTTTTTTTTTTTTTTTTTTTTTTTTTTTTTTTTTTTTTTTTTTTTTTTT

