type multi_port
group 4
height 33
width 80
map
TTTTTTTTTTTTTTTTTTTTTTTTTTTTTTTTTTTTTTTTTTTTTTTTTTTTTTTTTTTTTTTTTTTTTTTTTTTTTTTT
T..............................................................................T
T...C.C.C.C...HHHHHHHHHH.HHHHHHHHHH.HHHHHHHHHH.HHHHHHHHHH.HHHHHHHHHH...........T
T...C.C.C.C...HHHHHHHHHH.HHHHHHHHHH.HHHHHHHHHH.HHHHHHHHHH.HHHHHHHHHH...........T
TU.............................................................................T
T...C.C.C.C...HHHHHHHHHH.HHHHHHHHHH.HHHHHHHHHH.HHHHHHHHHH.HHHHHHHHHH...........T
T...C.C.C.C...HHHHHHHHHH.HHHHHHHHHH.HHHHHHHHHH.HHHHHHHHHH.HHHHHHHHHH...........T
T..............................................................................T

T..............................................................................T
T...C.C.C.C...HHHHHHHHHH.HHHHHHHHHH.HHHHHHHHHH.HHHHHHHHHH.HHHHHHHHHH...........T
T...C.C.C.C...HHHHHHHHHH.HHHHHHHHHH.HHHHHHHHHH.HHHHHHHHHH.HHHHHHHHHH...........T
TU.............................................................................T
T...C.C.C.C...HHHHHHHHHH.HHHHHHHHHH.HHHHHHHHHH.HHHHHHHHHH.HHHHHHHHHH...........T
T...C.C.C.C...HHHHHHHHHH.HHHHHHHHHH.HHHHHHHHHH.HHHHHHHHHH.HHHHHHHHHH...........T
T..............................................................................T

T..............................................................................T
T...C.C.C.C...HHHHHHHHHH.HHHHHHHHHH.HHHHHHHHHH.HHHHHHHHHH.HHHHHHHHHH...........T
T...C.C.C.C...HHHHHHHHHH.HHHHHHHHHH.HHHHHHHHHH.HHHHHHHHHH.HHHHHHHHHH...........T
TU.............................................................................T
T...C.C.C.C...HHHHHHHHHH.HHHHHHHHHH.HHHHHHHHHH.HHHHHHHHHH.HHHHHHHHHH...........T
T...C.C.C.C...HHHHHHHHHH.HHHHHHHHHH.HHHHHHHHHH.HHHHHHHHHH.HHHHHHHHHH...........T
T..............................................................................T

T..............................................................................T
T...C.C.C.C...HHHHHHHHHH.HHHHHHHHHH.HHHHHHHHHH.HHHHHHHHHH.HHHHHHHHHH...........T
T...C.C.C.C...HHHHHHHHHH.HHHHHHHHHH.HHHHHHHHHH.HHHHHHHHHH.HHHHHHHHHH...........T
TU.............................................................................T
T...C.C.C.C...HHHHHHHHHH.HHHHHHHHHH.HHHHHHHHHH.HHHHHHHHHH.HHHHHHHHHH...........T
T...C.C.C.C...HHHHHHHHHH.HHHHHHHHHH.HHHHHHHHHH.HHHHHHHHHH.HHHHHHHHHH...........T
T..............................................................................T
TTTTTTTTTTTTTTTTTTTTTTTTTTTTTTTTTTTTTTTTTTTTTTTTTTTTTTTTTTTTTTTTTTTTTTTTTTTTTTTT

